docker : #0 building 
with "desktop-linux" 
instance using 
docker driver
At line:1 char:1
+ docker build 
--platform 
linux/amd64 -t cuares
masalhuanadev/platfor
m-m ...
+ ~~~~~~~~~~~~~~~~~~~
~~~~~~~~~~~~~~~~~~~~~
~~~~~~~~~~~~~~~~~~~~~
~~~~~~~~
    + CategoryInfo   
           : NotSpe  
  cified: (#0 buil   
 ding wit...g doc    
ker driver:Strin    
g) [], RemoteExc    
eption
    + FullyQualified 
   ErrorId : Native  
  CommandError
 

#1 [internal] load 
build definition 
from Dockerfile
#1 transferring 
dockerfile: 2.53kB 
0.0s done
#1 DONE 0.0s

#2 [auth] 
library/node:pull 
token for 
registry-1.docker.io
#2 DONE 0.0s

#3 [internal] load 
metadata for docker.i
o/library/node:20-alp
ine
#3 DONE 1.5s

#4 [internal] load 
.dockerignore
#4 transferring 
context: 2B 0.0s done
#4 DONE 0.0s

#5 [frontend-builder 
1/6] FROM docker.io/l
ibrary/node:20-alpine
@sha256:09e2b3d972601
8aecf269bd35325f46bf7
5046a643a66d28360ec71
132750ec8
#5 resolve docker.io/
library/node:20-alpin
e@sha256:09e2b3d97260
18aecf269bd35325f46bf
75046a643a66d28360ec7
1132750ec8 0.1s done
#5 DONE 0.1s

#6 [internal] load 
build context
#6 transferring 
context: 5.83MB 4.4s 
done
#6 DONE 4.5s

#7 [backend-builder 
5/6] COPY backend/ .
#7 CACHED

#8 [backend-builder 
6/6] RUN node ./node_
modules/@nestjs/cli/b
in/nest.js build
#8 CACHED

#9 [stage-2  5/10] 
RUN npm ci --omit=dev
#9 CACHED

#10 [stage-2  8/10] 
RUN rm /etc/nginx/htt
p.d/default.conf 
2>/dev/null || true
#10 CACHED

#11 [stage-2  4/10] 
COPY --from=backend-b
uilder /backend/packa
ge*.json ./
#11 CACHED

#12 [stage-2  3/10] 
WORKDIR /app/backend
#12 CACHED

#13 [stage-2  2/10] 
RUN apk add 
--no-cache nginx 
supervisor
#13 CACHED

#14 [backend-builder 
3/6] COPY backend/pac
kage*.json ./
#14 CACHED

#15 [stage-2  7/10] 
COPY --from=frontend-
builder /frontend/dis
t/frontend/browser 
/usr/share/nginx/html
#15 CACHED

#16 [stage-2  9/10] 
COPY docker/nginx-mon
o.conf /etc/nginx/htt
p.d/default.conf
#16 CACHED

#17 [backend-builder 
4/6] RUN npm ci
#17 CACHED

#18 [stage-2  6/10] 
COPY --from=backend-b
uilder /backend/dist 
./dist
#18 CACHED

#19 
[frontend-builder 
2/6] WORKDIR 
/frontend
#19 CACHED

#20 [backend-builder 
2/6] WORKDIR /backend
#20 CACHED

#21 
[frontend-builder 
3/6] COPY frontend/pa
ckage*.json ./
#21 CACHED

#22 
[frontend-builder 
5/6] COPY frontend/ .
#22 CACHED

#23 
[frontend-builder 
6/6] RUN npm run 
build -- 
--configuration 
production
#23 CACHED

#24 
[frontend-builder 
4/6] RUN npm ci
#24 CACHED

#25 [stage-2 10/10] 
COPY docker/superviso
rd.conf /etc/supervis
or/conf.d/supervisord
.conf
#25 CACHED

#26 exporting to 
image
#26 exporting layers 
0.0s done
#26 exporting 
manifest sha256:4ff3d
af881fdc1ce26e6a4c8e1
a11505fa0fdc98d89fa69
5cf94077e75dcbc3b 
done
#26 exporting config 
sha256:3a692033567179
8ee212a5b87c0e699911b
fef75f91ac709f37f43c6
2c99fb17 done
#26 exporting 
attestation manifest 
sha256:17d4288d345aea
ff7e3fe6b335437649e3c
e41fe72fa8c9ee9155214
392f8cd3 0.1s done
#26 exporting 
manifest list sha256:
f2fc88a86c45b70f932de
bc3ebac25e160708f1685
9e31db7c3a8f572acc018
0
#26 exporting 
manifest list sha256:
f2fc88a86c45b70f932de
bc3ebac25e160708f1685
9e31db7c3a8f572acc018
0 0.0s done
#26 naming to docker.
io/cuaresmasalhuanade
v/platform-monolito:l
atest done
#26 unpacking to dock
er.io/cuaresmasalhuan
adev/platform-monolit
o:latest 0.0s done
#26 DONE 0.3s
